FFF..F                                                                   [100%]
=================================== FAILURES ===================================
_ test_large_finite_states_preserve_the_mathematical_norm_penalty[dtype0-60000.0] _

dtype = torch.float16, magnitude = 60000.0

    @pytest.mark.parametrize("dtype,magnitude", [(torch.float16, 60000.), (torch.float32, 1e30), (torch.float64, 1e300)])
    def test_large_finite_states_preserve_the_mathematical_norm_penalty(dtype, magnitude):
        z = torch.tensor([[magnitude, magnitude]], dtype=dtype)
        dynamics = IdentityDynamics()
>       result = beam_plan_v2(dynamics, ZeroHead(), ZeroHead(), z, steps=2, beam_width=2, return_all=True)
                 ^^^^^^^^^^^^^^^^^^^^^^^^^^^^^^^^^^^^^^^^^^^^^^^^^^^^^^^^^^^^^^^^^^^^^^^^^^^^^^^^^^^^^^^^^

tests/test_planner_v2_extreme_states.py:29: 
_ _ _ _ _ _ _ _ _ _ _ _ _ _ _ _ _ _ _ _ _ _ _ _ _ _ _ _ _ _ _ _ _ _ _ _ _ _ _ _ 
/root/.local/lib/python3.12/site-packages/torch/utils/_contextlib.py:124: in decorate_context
    return func(*args, **kwargs)
           ^^^^^^^^^^^^^^^^^^^^^
_ _ _ _ _ _ _ _ _ _ _ _ _ _ _ _ _ _ _ _ _ _ _ _ _ _ _ _ _ _ _ _ _ _ _ _ _ _ _ _ 

latent_action_model = IdentityDynamics(
  (action_embed): Embedding(2, 2)
)
value_head = ZeroHead(), verifier_head = ZeroHead()
z = tensor([[60000., 60000.]], dtype=torch.float16), steps = 2, beam_width = 2
temperature = 0.7, return_all = True, max_candidates = 65536
max_state_elements = 8000000, max_steps = 128

    @torch.no_grad()
    def beam_plan_v2(
        latent_action_model, value_head, verifier_head, z: torch.Tensor,
        steps: int = 6, beam_width: int = 4, temperature: float = 0.7,
        return_all: bool = False, *, max_candidates: int = 65536,
        max_state_elements: int = 8_000_000, max_steps: int = 128,
    ):
        """Search all action branches with bounded storage and deterministic ties.
    
        The retained score uses the legacy declared per-step objective:
        0.6*value + 0.4*verifier - 0.01*latent norm. All actions are considered;
        policy temperature does not change ranking under this objective. Ties keep
        parent order, then ascending action ID. Returned trajectories and actions
        follow the winning path for each row, without batch-average decisions.
        """
        for name, value, minimum in (("steps", steps, 0), ("beam_width", beam_width, 1),
                                     ("max_candidates", max_candidates, 1),
                                     ("max_state_elements", max_state_elements, 1),
                                     ("max_steps", max_steps, 1)):
            _integer(name, value, minimum)
        if steps > max_steps:
            raise ValueError("requested steps exceed the declared search-depth budget")
        if not math.isfinite(temperature) or temperature <= 0:
            raise ValueError("temperature must be finite and positive")
        if (not isinstance(z, torch.Tensor) or z.ndim != 2 or not all(z.shape)
                or not z.is_floating_point() or not torch.isfinite(z).all()):
            raise ValueError("z must be a finite, nonempty floating-point [batch, latent] tensor")
        num_actions = latent_action_model.action_embed.num_embeddings
        _integer("num_actions", num_actions, 1)
        batch, dim = z.shape
        states = z.unsqueeze(1)
        scores = z.new_zeros(batch, 1)
        trajectories = states.unsqueeze(2)
        actions = torch.empty(batch, 1, 0, device=z.device, dtype=torch.long)
    
        with _evaluation_mode(latent_action_model, value_head, verifier_head):
            for depth in range(steps):
                width = states.shape[1]
                count = batch * width * num_actions
                keep = min(beam_width, width * num_actions)
                elements = 2 * count * dim + batch * keep * ((depth + 2) * dim + depth + 1)
                if count > max_candidates or elements > max_state_elements:
                    raise ValueError("beam expansion exceeds the declared candidate/state budget")
                parents = states.unsqueeze(2).expand(batch, width, num_actions, dim).reshape(-1, dim)
                proposed = torch.arange(num_actions, device=z.device).view(1, 1, -1)
                proposed = proposed.expand(batch, width, num_actions).reshape(-1)
                transition = latent_action_model.step(
                    parents, temp=temperature, sample=False, action_override=proposed, noise_std=0.0,
                )
                if not isinstance(transition, (tuple, list)) or len(transition) < 2:
                    raise ValueError("transition must return next states and executed action IDs")
                next_states, executed = transition[:2]
                if (next_states.shape != parents.shape or next_states.device != z.device
                        or next_states.dtype != z.dtype or not torch.isfinite(next_states).all()
                        or executed.shape != proposed.shape or not torch.equal(executed, proposed)):
                    raise ValueError("transition changed shape/dtype/device, ignored actions, or produced non-finite states")
                value = value_head(next_states)
                verified = verifier_head(next_states)
                if value.shape not in ((count,), (count, 1)) or verified.shape not in ((count,), (count, 1)):
                    raise ValueError("value/verifier heads must return one scalar per candidate")
                reward = .6 * value.reshape(-1) + .4 * verified.reshape(-1) - .01 * next_states.norm(dim=-1)
                candidates = scores.unsqueeze(-1) + reward.reshape(batch, width, num_actions)
                candidates = candidates.reshape(batch, -1)
                if not torch.isfinite(candidates).all():
>                   raise ValueError("non-finite candidate score")
E                   ValueError: non-finite candidate score

src/lam_jepa/planner_v2.py:103: ValueError
_ test_large_finite_states_preserve_the_mathematical_norm_penalty[dtype1-1e+30] _

dtype = torch.float32, magnitude = 1e+30

    @pytest.mark.parametrize("dtype,magnitude", [(torch.float16, 60000.), (torch.float32, 1e30), (torch.float64, 1e300)])
    def test_large_finite_states_preserve_the_mathematical_norm_penalty(dtype, magnitude):
        z = torch.tensor([[magnitude, magnitude]], dtype=dtype)
        dynamics = IdentityDynamics()
>       result = beam_plan_v2(dynamics, ZeroHead(), ZeroHead(), z, steps=2, beam_width=2, return_all=True)
                 ^^^^^^^^^^^^^^^^^^^^^^^^^^^^^^^^^^^^^^^^^^^^^^^^^^^^^^^^^^^^^^^^^^^^^^^^^^^^^^^^^^^^^^^^^

tests/test_planner_v2_extreme_states.py:29: 
_ _ _ _ _ _ _ _ _ _ _ _ _ _ _ _ _ _ _ _ _ _ _ _ _ _ _ _ _ _ _ _ _ _ _ _ _ _ _ _ 
/root/.local/lib/python3.12/site-packages/torch/utils/_contextlib.py:124: in decorate_context
    return func(*args, **kwargs)
           ^^^^^^^^^^^^^^^^^^^^^
_ _ _ _ _ _ _ _ _ _ _ _ _ _ _ _ _ _ _ _ _ _ _ _ _ _ _ _ _ _ _ _ _ _ _ _ _ _ _ _ 

latent_action_model = IdentityDynamics(
  (action_embed): Embedding(2, 2)
)
value_head = ZeroHead(), verifier_head = ZeroHead()
z = tensor([[1.0000e+30, 1.0000e+30]]), steps = 2, beam_width = 2
temperature = 0.7, return_all = True, max_candidates = 65536
max_state_elements = 8000000, max_steps = 128

    @torch.no_grad()
    def beam_plan_v2(
        latent_action_model, value_head, verifier_head, z: torch.Tensor,
        steps: int = 6, beam_width: int = 4, temperature: float = 0.7,
        return_all: bool = False, *, max_candidates: int = 65536,
        max_state_elements: int = 8_000_000, max_steps: int = 128,
    ):
        """Search all action branches with bounded storage and deterministic ties.
    
        The retained score uses the legacy declared per-step objective:
        0.6*value + 0.4*verifier - 0.01*latent norm. All actions are considered;
        policy temperature does not change ranking under this objective. Ties keep
        parent order, then ascending action ID. Returned trajectories and actions
        follow the winning path for each row, without batch-average decisions.
        """
        for name, value, minimum in (("steps", steps, 0), ("beam_width", beam_width, 1),
                                     ("max_candidates", max_candidates, 1),
                                     ("max_state_elements", max_state_elements, 1),
                                     ("max_steps", max_steps, 1)):
            _integer(name, value, minimum)
        if steps > max_steps:
            raise ValueError("requested steps exceed the declared search-depth budget")
        if not math.isfinite(temperature) or temperature <= 0:
            raise ValueError("temperature must be finite and positive")
        if (not isinstance(z, torch.Tensor) or z.ndim != 2 or not all(z.shape)
                or not z.is_floating_point() or not torch.isfinite(z).all()):
            raise ValueError("z must be a finite, nonempty floating-point [batch, latent] tensor")
        num_actions = latent_action_model.action_embed.num_embeddings
        _integer("num_actions", num_actions, 1)
        batch, dim = z.shape
        states = z.unsqueeze(1)
        scores = z.new_zeros(batch, 1)
        trajectories = states.unsqueeze(2)
        actions = torch.empty(batch, 1, 0, device=z.device, dtype=torch.long)
    
        with _evaluation_mode(latent_action_model, value_head, verifier_head):
            for depth in range(steps):
                width = states.shape[1]
                count = batch * width * num_actions
                keep = min(beam_width, width * num_actions)
                elements = 2 * count * dim + batch * keep * ((depth + 2) * dim + depth + 1)
                if count > max_candidates or elements > max_state_elements:
                    raise ValueError("beam expansion exceeds the declared candidate/state budget")
                parents = states.unsqueeze(2).expand(batch, width, num_actions, dim).reshape(-1, dim)
                proposed = torch.arange(num_actions, device=z.device).view(1, 1, -1)
                proposed = proposed.expand(batch, width, num_actions).reshape(-1)
                transition = latent_action_model.step(
                    parents, temp=temperature, sample=False, action_override=proposed, noise_std=0.0,
                )
                if not isinstance(transition, (tuple, list)) or len(transition) < 2:
                    raise ValueError("transition must return next states and executed action IDs")
                next_states, executed = transition[:2]
                if (next_states.shape != parents.shape or next_states.device != z.device
                        or next_states.dtype != z.dtype or not torch.isfinite(next_states).all()
                        or executed.shape != proposed.shape or not torch.equal(executed, proposed)):
                    raise ValueError("transition changed shape/dtype/device, ignored actions, or produced non-finite states")
                value = value_head(next_states)
                verified = verifier_head(next_states)
                if value.shape not in ((count,), (count, 1)) or verified.shape not in ((count,), (count, 1)):
                    raise ValueError("value/verifier heads must return one scalar per candidate")
                reward = .6 * value.reshape(-1) + .4 * verified.reshape(-1) - .01 * next_states.norm(dim=-1)
                candidates = scores.unsqueeze(-1) + reward.reshape(batch, width, num_actions)
                candidates = candidates.reshape(batch, -1)
                if not torch.isfinite(candidates).all():
>                   raise ValueError("non-finite candidate score")
E                   ValueError: non-finite candidate score

src/lam_jepa/planner_v2.py:103: ValueError
_ test_large_finite_states_preserve_the_mathematical_norm_penalty[dtype2-1e+300] _

dtype = torch.float64, magnitude = 1e+300

    @pytest.mark.parametrize("dtype,magnitude", [(torch.float16, 60000.), (torch.float32, 1e30), (torch.float64, 1e300)])
    def test_large_finite_states_preserve_the_mathematical_norm_penalty(dtype, magnitude):
        z = torch.tensor([[magnitude, magnitude]], dtype=dtype)
        dynamics = IdentityDynamics()
>       result = beam_plan_v2(dynamics, ZeroHead(), ZeroHead(), z, steps=2, beam_width=2, return_all=True)
                 ^^^^^^^^^^^^^^^^^^^^^^^^^^^^^^^^^^^^^^^^^^^^^^^^^^^^^^^^^^^^^^^^^^^^^^^^^^^^^^^^^^^^^^^^^

tests/test_planner_v2_extreme_states.py:29: 
_ _ _ _ _ _ _ _ _ _ _ _ _ _ _ _ _ _ _ _ _ _ _ _ _ _ _ _ _ _ _ _ _ _ _ _ _ _ _ _ 
/root/.local/lib/python3.12/site-packages/torch/utils/_contextlib.py:124: in decorate_context
    return func(*args, **kwargs)
           ^^^^^^^^^^^^^^^^^^^^^
_ _ _ _ _ _ _ _ _ _ _ _ _ _ _ _ _ _ _ _ _ _ _ _ _ _ _ _ _ _ _ _ _ _ _ _ _ _ _ _ 

latent_action_model = IdentityDynamics(
  (action_embed): Embedding(2, 2)
)
value_head = ZeroHead(), verifier_head = ZeroHead()
z = tensor([[1.0000e+300, 1.0000e+300]], dtype=torch.float64), steps = 2
beam_width = 2, temperature = 0.7, return_all = True, max_candidates = 65536
max_state_elements = 8000000, max_steps = 128

    @torch.no_grad()
    def beam_plan_v2(
        latent_action_model, value_head, verifier_head, z: torch.Tensor,
        steps: int = 6, beam_width: int = 4, temperature: float = 0.7,
        return_all: bool = False, *, max_candidates: int = 65536,
        max_state_elements: int = 8_000_000, max_steps: int = 128,
    ):
        """Search all action branches with bounded storage and deterministic ties.
    
        The retained score uses the legacy declared per-step objective:
        0.6*value + 0.4*verifier - 0.01*latent norm. All actions are considered;
        policy temperature does not change ranking under this objective. Ties keep
        parent order, then ascending action ID. Returned trajectories and actions
        follow the winning path for each row, without batch-average decisions.
        """
        for name, value, minimum in (("steps", steps, 0), ("beam_width", beam_width, 1),
                                     ("max_candidates", max_candidates, 1),
                                     ("max_state_elements", max_state_elements, 1),
                                     ("max_steps", max_steps, 1)):
            _integer(name, value, minimum)
        if steps > max_steps:
            raise ValueError("requested steps exceed the declared search-depth budget")
        if not math.isfinite(temperature) or temperature <= 0:
            raise ValueError("temperature must be finite and positive")
        if (not isinstance(z, torch.Tensor) or z.ndim != 2 or not all(z.shape)
                or not z.is_floating_point() or not torch.isfinite(z).all()):
            raise ValueError("z must be a finite, nonempty floating-point [batch, latent] tensor")
        num_actions = latent_action_model.action_embed.num_embeddings
        _integer("num_actions", num_actions, 1)
        batch, dim = z.shape
        states = z.unsqueeze(1)
        scores = z.new_zeros(batch, 1)
        trajectories = states.unsqueeze(2)
        actions = torch.empty(batch, 1, 0, device=z.device, dtype=torch.long)
    
        with _evaluation_mode(latent_action_model, value_head, verifier_head):
            for depth in range(steps):
                width = states.shape[1]
                count = batch * width * num_actions
                keep = min(beam_width, width * num_actions)
                elements = 2 * count * dim + batch * keep * ((depth + 2) * dim + depth + 1)
                if count > max_candidates or elements > max_state_elements:
                    raise ValueError("beam expansion exceeds the declared candidate/state budget")
                parents = states.unsqueeze(2).expand(batch, width, num_actions, dim).reshape(-1, dim)
                proposed = torch.arange(num_actions, device=z.device).view(1, 1, -1)
                proposed = proposed.expand(batch, width, num_actions).reshape(-1)
                transition = latent_action_model.step(
                    parents, temp=temperature, sample=False, action_override=proposed, noise_std=0.0,
                )
                if not isinstance(transition, (tuple, list)) or len(transition) < 2:
                    raise ValueError("transition must return next states and executed action IDs")
                next_states, executed = transition[:2]
                if (next_states.shape != parents.shape or next_states.device != z.device
                        or next_states.dtype != z.dtype or not torch.isfinite(next_states).all()
                        or executed.shape != proposed.shape or not torch.equal(executed, proposed)):
                    raise ValueError("transition changed shape/dtype/device, ignored actions, or produced non-finite states")
                value = value_head(next_states)
                verified = verifier_head(next_states)
                if value.shape not in ((count,), (count, 1)) or verified.shape not in ((count,), (count, 1)):
                    raise ValueError("value/verifier heads must return one scalar per candidate")
                reward = .6 * value.reshape(-1) + .4 * verified.reshape(-1) - .01 * next_states.norm(dim=-1)
                candidates = scores.unsqueeze(-1) + reward.reshape(batch, width, num_actions)
                candidates = candidates.reshape(batch, -1)
                if not torch.isfinite(candidates).all():
>                   raise ValueError("non-finite candidate score")
E                   ValueError: non-finite candidate score

src/lam_jepa/planner_v2.py:103: ValueError
____________ test_zero_depth_output_is_detached_like_nonzero_search ____________

    def test_zero_depth_output_is_detached_like_nonzero_search():
        z = torch.tensor([[1., 2.]], requires_grad=True)
        result = beam_plan_v2(IdentityDynamics(), ZeroHead(), ZeroHead(), z, steps=0, return_all=True)
>       assert not result.final_state.requires_grad
E       assert not True
E        +  where True = tensor([[1., 2.]], requires_grad=True).requires_grad
E        +    where tensor([[1., 2.]], requires_grad=True) = PlanResult(trajectory=[tensor([[1., 2.]], requires_grad=True)], actions=[], score=tensor([0.]), final_state=tensor([[1., 2.]], requires_grad=True)).final_state

tests/test_planner_v2_extreme_states.py:46: AssertionError
=========================== short test summary info ============================
FAILED tests/test_planner_v2_extreme_states.py::test_large_finite_states_preserve_the_mathematical_norm_penalty[dtype0-60000.0]
FAILED tests/test_planner_v2_extreme_states.py::test_large_finite_states_preserve_the_mathematical_norm_penalty[dtype1-1e+30]
FAILED tests/test_planner_v2_extreme_states.py::test_large_finite_states_preserve_the_mathematical_norm_penalty[dtype2-1e+300]
FAILED tests/test_planner_v2_extreme_states.py::test_zero_depth_output_is_detached_like_nonzero_search
4 failed, 2 passed in 11.33s
