FFF.FFFFFFF..FFFFFFFFFFFFFFFFF.                                          [100%]
=================================== FAILURES ===================================
______ test_self_similarity_is_invariant_to_finite_nonzero_scale[1e-300] _______

features = tensor([[ 0.,  2.],
        [ 1., -1.],
        [ 3.,  4.],
        [-2.,  0.]], dtype=torch.float64)
scale = 1e-300

    @pytest.mark.parametrize("scale", [1e-300, 1e-150, 1e-20, 1., 1e20, 1e150, 1e300])
    def test_self_similarity_is_invariant_to_finite_nonzero_scale(features, scale):
>       assert linear_cka(features * scale, features) == pytest.approx(1., abs=2e-14)
E       assert 0.0 == 1.0 ± 2.0e-14
E         
E         comparison failed
E         Obtained: 0.0
E         Expected: 1.0 ± 2.0e-14

tests/unit/test_linear_cka_contract.py:29: AssertionError
______ test_self_similarity_is_invariant_to_finite_nonzero_scale[1e-150] _______

features = tensor([[ 0.,  2.],
        [ 1., -1.],
        [ 3.,  4.],
        [-2.,  0.]], dtype=torch.float64)
scale = 1e-150

    @pytest.mark.parametrize("scale", [1e-300, 1e-150, 1e-20, 1., 1e20, 1e150, 1e300])
    def test_self_similarity_is_invariant_to_finite_nonzero_scale(features, scale):
>       assert linear_cka(features * scale, features) == pytest.approx(1., abs=2e-14)
E       assert 0.0 == 1.0 ± 2.0e-14
E         
E         comparison failed
E         Obtained: 0.0
E         Expected: 1.0 ± 2.0e-14

tests/unit/test_linear_cka_contract.py:29: AssertionError
_______ test_self_similarity_is_invariant_to_finite_nonzero_scale[1e-20] _______

features = tensor([[ 0.,  2.],
        [ 1., -1.],
        [ 3.,  4.],
        [-2.,  0.]], dtype=torch.float64)
scale = 1e-20

    @pytest.mark.parametrize("scale", [1e-300, 1e-150, 1e-20, 1., 1e20, 1e150, 1e300])
    def test_self_similarity_is_invariant_to_finite_nonzero_scale(features, scale):
>       assert linear_cka(features * scale, features) == pytest.approx(1., abs=2e-14)
E       assert 2.3044794755731368e-35 == 1.0 ± 2.0e-14
E         
E         comparison failed
E         Obtained: 2.3044794755731368e-35
E         Expected: 1.0 ± 2.0e-14

tests/unit/test_linear_cka_contract.py:29: AssertionError
_______ test_self_similarity_is_invariant_to_finite_nonzero_scale[1e+20] _______

features = tensor([[ 0.,  2.],
        [ 1., -1.],
        [ 3.,  4.],
        [-2.,  0.]], dtype=torch.float64)
scale = 1e+20

    @pytest.mark.parametrize("scale", [1e-300, 1e-150, 1e-20, 1., 1e20, 1e150, 1e300])
    def test_self_similarity_is_invariant_to_finite_nonzero_scale(features, scale):
>       assert linear_cka(features * scale, features) == pytest.approx(1., abs=2e-14)
E       assert nan == 1.0 ± 2.0e-14
E         
E         comparison failed
E         Obtained: nan
E         Expected: 1.0 ± 2.0e-14

tests/unit/test_linear_cka_contract.py:29: AssertionError
______ test_self_similarity_is_invariant_to_finite_nonzero_scale[1e+150] _______

features = tensor([[ 0.,  2.],
        [ 1., -1.],
        [ 3.,  4.],
        [-2.,  0.]], dtype=torch.float64)
scale = 1e+150

    @pytest.mark.parametrize("scale", [1e-300, 1e-150, 1e-20, 1., 1e20, 1e150, 1e300])
    def test_self_similarity_is_invariant_to_finite_nonzero_scale(features, scale):
>       assert linear_cka(features * scale, features) == pytest.approx(1., abs=2e-14)
E       assert nan == 1.0 ± 2.0e-14
E         
E         comparison failed
E         Obtained: nan
E         Expected: 1.0 ± 2.0e-14

tests/unit/test_linear_cka_contract.py:29: AssertionError
______ test_self_similarity_is_invariant_to_finite_nonzero_scale[1e+300] _______

features = tensor([[ 0.,  2.],
        [ 1., -1.],
        [ 3.,  4.],
        [-2.,  0.]], dtype=torch.float64)
scale = 1e+300

    @pytest.mark.parametrize("scale", [1e-300, 1e-150, 1e-20, 1., 1e20, 1e150, 1e300])
    def test_self_similarity_is_invariant_to_finite_nonzero_scale(features, scale):
>       assert linear_cka(features * scale, features) == pytest.approx(1., abs=2e-14)
E       assert nan == 1.0 ± 2.0e-14
E         
E         comparison failed
E         Obtained: nan
E         Expected: 1.0 ± 2.0e-14

tests/unit/test_linear_cka_contract.py:29: AssertionError
_ test_independent_unit_changes_preserve_nontrivial_similarity[1e-200-1e+200] __

features = tensor([[ 0.,  2.],
        [ 1., -1.],
        [ 3.,  4.],
        [-2.,  0.]], dtype=torch.float64)
left_scale = 1e-200, right_scale = 1e+200

    @pytest.mark.parametrize("left_scale,right_scale", [(1e-200, 1e200), (-1e200, 1e-200)])
    def test_independent_unit_changes_preserve_nontrivial_similarity(features, left_scale, right_scale):
        y = torch.tensor([[1.], [3.], [-1.], [2.]], dtype=torch.float64)
        expected = _reference(features.numpy(), y.numpy())
        assert 0. < expected < 1.
>       assert linear_cka(features * left_scale, y * right_scale) == pytest.approx(expected, abs=2e-14)
E       assert nan == 0.8371894188733213 ± 2.0e-14
E         
E         comparison failed
E         Obtained: nan
E         Expected: 0.8371894188733213 ± 2.0e-14

tests/unit/test_linear_cka_contract.py:37: AssertionError
_ test_independent_unit_changes_preserve_nontrivial_similarity[-1e+200-1e-200] _

features = tensor([[ 0.,  2.],
        [ 1., -1.],
        [ 3.,  4.],
        [-2.,  0.]], dtype=torch.float64)
left_scale = -1e+200, right_scale = 1e-200

    @pytest.mark.parametrize("left_scale,right_scale", [(1e-200, 1e200), (-1e200, 1e-200)])
    def test_independent_unit_changes_preserve_nontrivial_similarity(features, left_scale, right_scale):
        y = torch.tensor([[1.], [3.], [-1.], [2.]], dtype=torch.float64)
        expected = _reference(features.numpy(), y.numpy())
        assert 0. < expected < 1.
>       assert linear_cka(features * left_scale, y * right_scale) == pytest.approx(expected, abs=2e-14)
E       assert nan == 0.8371894188733213 ± 2.0e-14
E         
E         comparison failed
E         Obtained: nan
E         Expected: 0.8371894188733213 ± 2.0e-14

tests/unit/test_linear_cka_contract.py:37: AssertionError
_____________ test_float64_structure_survives_large_common_offset ______________

features = tensor([[ 0.,  2.],
        [ 1., -1.],
        [ 3.,  4.],
        [-2.,  0.]], dtype=torch.float64)

    def test_float64_structure_survives_large_common_offset(features):
>       assert linear_cka(features + 1e12, features) == pytest.approx(1., abs=2e-14)
E       assert 0.0 == 1.0 ± 2.0e-14
E         
E         comparison failed
E         Obtained: 0.0
E         Expected: 1.0 ± 2.0e-14

tests/unit/test_linear_cka_contract.py:41: AssertionError
____ test_centering_handles_finite_values_whose_direct_difference_overflows ____

    def test_centering_handles_finite_values_whose_direct_difference_overflows():
        x = torch.tensor([[-1e308], [1e308], [-1e308], [1e308]], dtype=torch.float64)
        y = torch.tensor([[-1.], [1.], [-1.], [1.]], dtype=torch.float64)
>       assert linear_cka(x, y) == pytest.approx(1., abs=2e-14)
E       assert nan == 1.0 ± 2.0e-14
E         
E         comparison failed
E         Obtained: nan
E         Expected: 1.0 ± 2.0e-14

tests/unit/test_linear_cka_contract.py:47: AssertionError
_ test_feature_and_sample_space_formulations_match_independent_definition[8-2-3] _

n = 8, d = 2, e = 3

    @pytest.mark.parametrize("n,d,e", [(8, 2, 3), (3, 8, 9)])
    def test_feature_and_sample_space_formulations_match_independent_definition(n, d, e):
        x = torch.arange(n * d, dtype=torch.float64).reshape(n, d).sin()
        y = torch.arange(n * e, dtype=torch.float64).reshape(n, e).cos()
>       assert linear_cka(x, y) == pytest.approx(_reference(x.numpy(), y.numpy()), abs=2e-14)
E       assert 0.03244096040725708 == 0.03244096255454239 ± 2.0e-14
E         
E         comparison failed
E         Obtained: 0.03244096040725708
E         Expected: 0.03244096255454239 ± 2.0e-14

tests/unit/test_linear_cka_contract.py:67: AssertionError
_ test_feature_and_sample_space_formulations_match_independent_definition[3-8-9] _

n = 3, d = 8, e = 9

    @pytest.mark.parametrize("n,d,e", [(8, 2, 3), (3, 8, 9)])
    def test_feature_and_sample_space_formulations_match_independent_definition(n, d, e):
        x = torch.arange(n * d, dtype=torch.float64).reshape(n, d).sin()
        y = torch.arange(n * e, dtype=torch.float64).reshape(n, e).cos()
>       assert linear_cka(x, y) == pytest.approx(_reference(x.numpy(), y.numpy()), abs=2e-14)
E       assert 0.5722854733467102 == 0.5722854588720686 ± 2.0e-14
E         
E         comparison failed
E         Obtained: 0.5722854733467102
E         Expected: 0.5722854588720686 ± 2.0e-14

tests/unit/test_linear_cka_contract.py:67: AssertionError
______ test_constant_representation_is_undefined_not_zero_similarity[0.0] ______

features = tensor([[ 0.,  2.],
        [ 1., -1.],
        [ 3.,  4.],
        [-2.,  0.]], dtype=torch.float64)
value = 0.0

    @pytest.mark.parametrize("value", [0., 7., 1e300])
    def test_constant_representation_is_undefined_not_zero_similarity(features, value):
>       with pytest.raises(ValueError, match="constant"):
             ^^^^^^^^^^^^^^^^^^^^^^^^^^^^^^^^^^^^^^^^^^^
E       Failed: DID NOT RAISE ValueError

tests/unit/test_linear_cka_contract.py:72: Failed
______ test_constant_representation_is_undefined_not_zero_similarity[7.0] ______

features = tensor([[ 0.,  2.],
        [ 1., -1.],
        [ 3.,  4.],
        [-2.,  0.]], dtype=torch.float64)
value = 7.0

    @pytest.mark.parametrize("value", [0., 7., 1e300])
    def test_constant_representation_is_undefined_not_zero_similarity(features, value):
>       with pytest.raises(ValueError, match="constant"):
             ^^^^^^^^^^^^^^^^^^^^^^^^^^^^^^^^^^^^^^^^^^^
E       Failed: DID NOT RAISE ValueError

tests/unit/test_linear_cka_contract.py:72: Failed
____ test_constant_representation_is_undefined_not_zero_similarity[1e+300] _____

features = tensor([[ 0.,  2.],
        [ 1., -1.],
        [ 3.,  4.],
        [-2.,  0.]], dtype=torch.float64)
value = 1e+300

    @pytest.mark.parametrize("value", [0., 7., 1e300])
    def test_constant_representation_is_undefined_not_zero_similarity(features, value):
>       with pytest.raises(ValueError, match="constant"):
             ^^^^^^^^^^^^^^^^^^^^^^^^^^^^^^^^^^^^^^^^^^^
E       Failed: DID NOT RAISE ValueError

tests/unit/test_linear_cka_contract.py:72: Failed
_______________ test_nonfinite_representations_are_rejected[nan] _______________

features = tensor([[ 0.,  2.],
        [ 1., -1.],
        [ 3.,  4.],
        [-2.,  0.]], dtype=torch.float64)
bad = nan

    @pytest.mark.parametrize("bad", [float("nan"), float("inf"), -float("inf")])
    def test_nonfinite_representations_are_rejected(features, bad):
        x = features.clone()
        x[0, 0] = bad
>       with pytest.raises(ValueError, match="finite"):
             ^^^^^^^^^^^^^^^^^^^^^^^^^^^^^^^^^^^^^^^^^
E       Failed: DID NOT RAISE ValueError

tests/unit/test_linear_cka_contract.py:80: Failed
_______________ test_nonfinite_representations_are_rejected[inf] _______________

features = tensor([[ 0.,  2.],
        [ 1., -1.],
        [ 3.,  4.],
        [-2.,  0.]], dtype=torch.float64)
bad = inf

    @pytest.mark.parametrize("bad", [float("nan"), float("inf"), -float("inf")])
    def test_nonfinite_representations_are_rejected(features, bad):
        x = features.clone()
        x[0, 0] = bad
>       with pytest.raises(ValueError, match="finite"):
             ^^^^^^^^^^^^^^^^^^^^^^^^^^^^^^^^^^^^^^^^^
E       Failed: DID NOT RAISE ValueError

tests/unit/test_linear_cka_contract.py:80: Failed
______________ test_nonfinite_representations_are_rejected[-inf] _______________

features = tensor([[ 0.,  2.],
        [ 1., -1.],
        [ 3.,  4.],
        [-2.,  0.]], dtype=torch.float64)
bad = -inf

    @pytest.mark.parametrize("bad", [float("nan"), float("inf"), -float("inf")])
    def test_nonfinite_representations_are_rejected(features, bad):
        x = features.clone()
        x[0, 0] = bad
>       with pytest.raises(ValueError, match="finite"):
             ^^^^^^^^^^^^^^^^^^^^^^^^^^^^^^^^^^^^^^^^^
E       Failed: DID NOT RAISE ValueError

tests/unit/test_linear_cka_contract.py:80: Failed
______________ test_invalid_shape_or_pairing_is_rejected[shape0] _______________

features = tensor([[ 0.,  2.],
        [ 1., -1.],
        [ 3.,  4.],
        [-2.,  0.]], dtype=torch.float64)
shape = (4,)

    @pytest.mark.parametrize("shape", [(4,), (1, 2), (4, 0), (4, 2, 1), (3, 2)])
    def test_invalid_shape_or_pairing_is_rejected(features, shape):
>       with pytest.raises(ValueError):
             ^^^^^^^^^^^^^^^^^^^^^^^^^
E       Failed: DID NOT RAISE ValueError

tests/unit/test_linear_cka_contract.py:86: Failed
______________ test_invalid_shape_or_pairing_is_rejected[shape1] _______________

features = tensor([[ 0.,  2.],
        [ 1., -1.],
        [ 3.,  4.],
        [-2.,  0.]], dtype=torch.float64)
shape = (1, 2)

    @pytest.mark.parametrize("shape", [(4,), (1, 2), (4, 0), (4, 2, 1), (3, 2)])
    def test_invalid_shape_or_pairing_is_rejected(features, shape):
        with pytest.raises(ValueError):
>           linear_cka(torch.ones(shape, dtype=torch.float64), features)

tests/unit/test_linear_cka_contract.py:87: 
_ _ _ _ _ _ _ _ _ _ _ _ _ _ _ _ _ _ _ _ _ _ _ _ _ _ _ _ _ _ _ _ _ _ _ _ _ _ _ _ 

x = tensor([[0., 0.]])
y = tensor([[-0.5000,  0.7500],
        [ 0.5000, -2.2500],
        [ 2.5000,  2.7500],
        [-2.5000, -1.2500]])
eps = 1e-08

    def linear_cka(x: torch.Tensor, y: torch.Tensor, eps: float = 1e-8) -> float:
        x = x.detach().float() - x.detach().float().mean(dim=0, keepdim=True)
        y = y.detach().float() - y.detach().float().mean(dim=0, keepdim=True)
>       hsic = (x.t() @ y).pow(2).sum()
                ^^^^^^^^^
E       RuntimeError: mat1 and mat2 shapes cannot be multiplied (2x1 and 4x2)

src/lam_jepa/metrics/representation/cka.py:8: RuntimeError
______________ test_invalid_shape_or_pairing_is_rejected[shape2] _______________

features = tensor([[ 0.,  2.],
        [ 1., -1.],
        [ 3.,  4.],
        [-2.,  0.]], dtype=torch.float64)
shape = (4, 0)

    @pytest.mark.parametrize("shape", [(4,), (1, 2), (4, 0), (4, 2, 1), (3, 2)])
    def test_invalid_shape_or_pairing_is_rejected(features, shape):
>       with pytest.raises(ValueError):
             ^^^^^^^^^^^^^^^^^^^^^^^^^
E       Failed: DID NOT RAISE ValueError

tests/unit/test_linear_cka_contract.py:86: Failed
______________ test_invalid_shape_or_pairing_is_rejected[shape3] _______________

features = tensor([[ 0.,  2.],
        [ 1., -1.],
        [ 3.,  4.],
        [-2.,  0.]], dtype=torch.float64)
shape = (4, 2, 1)

    @pytest.mark.parametrize("shape", [(4,), (1, 2), (4, 0), (4, 2, 1), (3, 2)])
    def test_invalid_shape_or_pairing_is_rejected(features, shape):
        with pytest.raises(ValueError):
>           linear_cka(torch.ones(shape, dtype=torch.float64), features)

tests/unit/test_linear_cka_contract.py:87: 
_ _ _ _ _ _ _ _ _ _ _ _ _ _ _ _ _ _ _ _ _ _ _ _ _ _ _ _ _ _ _ _ _ _ _ _ _ _ _ _ 

x = tensor([[[0.],
         [0.]],

        [[0.],
         [0.]],

        [[0.],
         [0.]],

        [[0.],
         [0.]]])
y = tensor([[-0.5000,  0.7500],
        [ 0.5000, -2.2500],
        [ 2.5000,  2.7500],
        [-2.5000, -1.2500]])
eps = 1e-08

    def linear_cka(x: torch.Tensor, y: torch.Tensor, eps: float = 1e-8) -> float:
        x = x.detach().float() - x.detach().float().mean(dim=0, keepdim=True)
        y = y.detach().float() - y.detach().float().mean(dim=0, keepdim=True)
>       hsic = (x.t() @ y).pow(2).sum()
                ^^^^^
E       RuntimeError: t() expects a tensor with <= 2 dimensions, but self is 3D

src/lam_jepa/metrics/representation/cka.py:8: RuntimeError
______________ test_invalid_shape_or_pairing_is_rejected[shape4] _______________

features = tensor([[ 0.,  2.],
        [ 1., -1.],
        [ 3.,  4.],
        [-2.,  0.]], dtype=torch.float64)
shape = (3, 2)

    @pytest.mark.parametrize("shape", [(4,), (1, 2), (4, 0), (4, 2, 1), (3, 2)])
    def test_invalid_shape_or_pairing_is_rejected(features, shape):
        with pytest.raises(ValueError):
>           linear_cka(torch.ones(shape, dtype=torch.float64), features)

tests/unit/test_linear_cka_contract.py:87: 
_ _ _ _ _ _ _ _ _ _ _ _ _ _ _ _ _ _ _ _ _ _ _ _ _ _ _ _ _ _ _ _ _ _ _ _ _ _ _ _ 

x = tensor([[0., 0.],
        [0., 0.],
        [0., 0.]])
y = tensor([[-0.5000,  0.7500],
        [ 0.5000, -2.2500],
        [ 2.5000,  2.7500],
        [-2.5000, -1.2500]])
eps = 1e-08

    def linear_cka(x: torch.Tensor, y: torch.Tensor, eps: float = 1e-8) -> float:
        x = x.detach().float() - x.detach().float().mean(dim=0, keepdim=True)
        y = y.detach().float() - y.detach().float().mean(dim=0, keepdim=True)
>       hsic = (x.t() @ y).pow(2).sum()
                ^^^^^^^^^
E       RuntimeError: mat1 and mat2 shapes cannot be multiplied (2x3 and 4x2)

src/lam_jepa/metrics/representation/cka.py:8: RuntimeError
_____________ test_complex_input_is_not_silently_projected_to_real _____________

features = tensor([[ 0.,  2.],
        [ 1., -1.],
        [ 3.,  4.],
        [-2.,  0.]], dtype=torch.float64)

    def test_complex_input_is_not_silently_projected_to_real(features):
>       with pytest.raises(ValueError, match="real"):
             ^^^^^^^^^^^^^^^^^^^^^^^^^^^^^^^^^^^^^^^
E       Failed: DID NOT RAISE ValueError

tests/unit/test_linear_cka_contract.py:91: Failed
______________ test_invalid_roundoff_tolerance_is_rejected[-1.0] _______________

features = tensor([[ 0.,  2.],
        [ 1., -1.],
        [ 3.,  4.],
        [-2.,  0.]], dtype=torch.float64)
eps = -1.0

    @pytest.mark.parametrize("eps", [-1., math.nan, math.inf])
    def test_invalid_roundoff_tolerance_is_rejected(features, eps):
>       with pytest.raises(ValueError, match="eps"):
             ^^^^^^^^^^^^^^^^^^^^^^^^^^^^^^^^^^^^^^
E       Failed: DID NOT RAISE ValueError

tests/unit/test_linear_cka_contract.py:97: Failed
_______________ test_invalid_roundoff_tolerance_is_rejected[nan] _______________

features = tensor([[ 0.,  2.],
        [ 1., -1.],
        [ 3.,  4.],
        [-2.,  0.]], dtype=torch.float64)
eps = nan

    @pytest.mark.parametrize("eps", [-1., math.nan, math.inf])
    def test_invalid_roundoff_tolerance_is_rejected(features, eps):
>       with pytest.raises(ValueError, match="eps"):
             ^^^^^^^^^^^^^^^^^^^^^^^^^^^^^^^^^^^^^^
E       Failed: DID NOT RAISE ValueError

tests/unit/test_linear_cka_contract.py:97: Failed
_______________ test_invalid_roundoff_tolerance_is_rejected[inf] _______________

features = tensor([[ 0.,  2.],
        [ 1., -1.],
        [ 3.,  4.],
        [-2.,  0.]], dtype=torch.float64)
eps = inf

    @pytest.mark.parametrize("eps", [-1., math.nan, math.inf])
    def test_invalid_roundoff_tolerance_is_rejected(features, eps):
>       with pytest.raises(ValueError, match="eps"):
             ^^^^^^^^^^^^^^^^^^^^^^^^^^^^^^^^^^^^^^
E       Failed: DID NOT RAISE ValueError

tests/unit/test_linear_cka_contract.py:97: Failed
=============================== warnings summary ===============================
tests/unit/test_linear_cka_contract.py::test_complex_input_is_not_silently_projected_to_real
  /workspace/scratch/24ae2474e899/research_jepa/LAM-JEPA/src/lam_jepa/metrics/representation/cka.py:6: UserWarning: Casting complex values to real discards the imaginary part (Triggered internally at /__w/pytorch/pytorch/aten/src/ATen/native/Copy.cpp:308.)
    x = x.detach().float() - x.detach().float().mean(dim=0, keepdim=True)

-- Docs: https://docs.pytest.org/en/stable/how-to/capture-warnings.html
=========================== short test summary info ============================
FAILED tests/unit/test_linear_cka_contract.py::test_self_similarity_is_invariant_to_finite_nonzero_scale[1e-300]
FAILED tests/unit/test_linear_cka_contract.py::test_self_similarity_is_invariant_to_finite_nonzero_scale[1e-150]
FAILED tests/unit/test_linear_cka_contract.py::test_self_similarity_is_invariant_to_finite_nonzero_scale[1e-20]
FAILED tests/unit/test_linear_cka_contract.py::test_self_similarity_is_invariant_to_finite_nonzero_scale[1e+20]
FAILED tests/unit/test_linear_cka_contract.py::test_self_similarity_is_invariant_to_finite_nonzero_scale[1e+150]
FAILED tests/unit/test_linear_cka_contract.py::test_self_similarity_is_invariant_to_finite_nonzero_scale[1e+300]
FAILED tests/unit/test_linear_cka_contract.py::test_independent_unit_changes_preserve_nontrivial_similarity[1e-200-1e+200]
FAILED tests/unit/test_linear_cka_contract.py::test_independent_unit_changes_preserve_nontrivial_similarity[-1e+200-1e-200]
FAILED tests/unit/test_linear_cka_contract.py::test_float64_structure_survives_large_common_offset
FAILED tests/unit/test_linear_cka_contract.py::test_centering_handles_finite_values_whose_direct_difference_overflows
FAILED tests/unit/test_linear_cka_contract.py::test_feature_and_sample_space_formulations_match_independent_definition[8-2-3]
FAILED tests/unit/test_linear_cka_contract.py::test_feature_and_sample_space_formulations_match_independent_definition[3-8-9]
FAILED tests/unit/test_linear_cka_contract.py::test_constant_representation_is_undefined_not_zero_similarity[0.0]
FAILED tests/unit/test_linear_cka_contract.py::test_constant_representation_is_undefined_not_zero_similarity[7.0]
FAILED tests/unit/test_linear_cka_contract.py::test_constant_representation_is_undefined_not_zero_similarity[1e+300]
FAILED tests/unit/test_linear_cka_contract.py::test_nonfinite_representations_are_rejected[nan]
FAILED tests/unit/test_linear_cka_contract.py::test_nonfinite_representations_are_rejected[inf]
FAILED tests/unit/test_linear_cka_contract.py::test_nonfinite_representations_are_rejected[-inf]
FAILED tests/unit/test_linear_cka_contract.py::test_invalid_shape_or_pairing_is_rejected[shape0]
FAILED tests/unit/test_linear_cka_contract.py::test_invalid_shape_or_pairing_is_rejected[shape1]
FAILED tests/unit/test_linear_cka_contract.py::test_invalid_shape_or_pairing_is_rejected[shape2]
FAILED tests/unit/test_linear_cka_contract.py::test_invalid_shape_or_pairing_is_rejected[shape3]
FAILED tests/unit/test_linear_cka_contract.py::test_invalid_shape_or_pairing_is_rejected[shape4]
FAILED tests/unit/test_linear_cka_contract.py::test_complex_input_is_not_silently_projected_to_real
FAILED tests/unit/test_linear_cka_contract.py::test_invalid_roundoff_tolerance_is_rejected[-1.0]
FAILED tests/unit/test_linear_cka_contract.py::test_invalid_roundoff_tolerance_is_rejected[nan]
FAILED tests/unit/test_linear_cka_contract.py::test_invalid_roundoff_tolerance_is_rejected[inf]
27 failed, 4 passed, 1 warning in 12.72s
